exports[`walletAccountsReport should report wallet accounts 1`] = `
{
  "configuredActiveWalletAccount": "exodus_0",
  "data": {
    "exodus_0": {
      "enabled": true,
      "index": 0,
      "isMultisig": false,
      "source": "exodus",
    },
    "exodus_1": {
      "enabled": true,
      "index": 1,
      "isMultisig": false,
      "source": "exodus",
    },
  },
  "multipleWalletAccountsEnabled": undefined,
}
`;
