// Jest Snapshot v1, https://goo.gl/fbAQLP

exports[`units object of units 1`] = `
{
  "AED": {
    "label": "Emirati Dirham",
    "name": "AED",
    "rightSideSymbol": true,
    "symbol": "AED",
  },
  "ARS": {
    "label": "Argentine peso",
    "name": "ARS",
    "rightSideSymbol": false,
    "symbol": "Ar",
  },
  "AUD": {
    "label": "Australian Dollar",
    "name": "AUD",
    "rightSideSymbol": false,
    "symbol": "$",
  },
  "BRL": {
    "label": "Brazilian Real",
    "name": "BRL",
    "rightSideSymbol": false,
    "symbol": "R$",
  },
  "CAD": {
    "label": "Canadian Dollar",
    "name": "CAD",
    "rightSideSymbol": false,
    "symbol": "$",
  },
  "CHF": {
    "label": "Swiss Franc",
    "name": "CHF",
    "rightSideSymbol": true,
    "symbol": "Fr",
  },
  "CLP": {
    "label": "Chilean Peso",
    "name": "CLP",
    "rightSideSymbol": false,
    "symbol": "Ch",
  },
  "CNY": {
    "label": "Chinese Yuan",
    "name": "CNY",
    "rightSideSymbol": true,
    "symbol": "¥",
  },
  "COP": {
    "label": "Colombian peso",
    "name": "COP",
    "rightSideSymbol": false,
    "symbol": "Co",
  },
  "CZK": {
    "label": "Czech Koruna",
    "name": "CZK",
    "rightSideSymbol": true,
    "symbol": "Kč",
  },
  "DKK": {
    "label": "Danish Krone",
    "name": "DKK",
    "rightSideSymbol": true,
    "symbol": "kr",
  },
  "EUR": {
    "label": "Euro",
    "name": "EUR",
    "rightSideSymbol": false,
    "symbol": "€",
  },
  "GBP": {
    "label": "British Pound",
    "name": "GBP",
    "rightSideSymbol": false,
    "symbol": "£",
  },
  "GHS": {
    "label": "Ghanaian cedi",
    "name": "GHS",
    "rightSideSymbol": true,
    "symbol": "GH₵",
  },
  "HKD": {
    "label": "Hong Kong Dollar",
    "name": "HKD",
    "rightSideSymbol": false,
    "symbol": "$",
  },
  "HUF": {
    "label": "Hungarian Forint",
    "name": "HUF",
    "rightSideSymbol": false,
    "symbol": "Ft",
  },
  "IDR": {
    "label": "Indonesian Rupiah",
    "name": "IDR",
    "rightSideSymbol": false,
    "symbol": "Rp",
  },
  "ILS": {
    "label": "Israeli New Shekel",
    "name": "ILS",
    "rightSideSymbol": false,
    "symbol": "₪",
  },
  "INR": {
    "label": "Indian Rupee",
    "name": "INR",
    "rightSideSymbol": false,
    "symbol": "₹",
  },
  "JPY": {
    "label": "Japanese Yen",
    "name": "JPY",
    "rightSideSymbol": false,
    "symbol": "¥",
  },
  "KRW": {
    "label": "South Korean Won",
    "name": "KRW",
    "rightSideSymbol": false,
    "symbol": "₩",
  },
  "MXN": {
    "label": "Mexican Peso",
    "name": "MXN",
    "rightSideSymbol": false,
    "symbol": "Mx",
  },
  "MYR": {
    "label": "Malaysian Ringgit",
    "name": "MYR",
    "rightSideSymbol": false,
    "symbol": "RM",
  },
  "NGN": {
    "label": "Nigerian naira",
    "name": "NGN",
    "rightSideSymbol": false,
    "symbol": "₦",
  },
  "NOK": {
    "label": "Norwegian Krone",
    "name": "NOK",
    "rightSideSymbol": true,
    "symbol": "kr",
  },
  "NZD": {
    "label": "New Zealand Dollar",
    "name": "NZD",
    "rightSideSymbol": false,
    "symbol": "$",
  },
  "PHP": {
    "label": "Philippine Peso",
    "name": "PHP",
    "rightSideSymbol": false,
    "symbol": "₱",
  },
  "PKR": {
    "label": "Pakistani Rupee",
    "name": "PKR",
    "rightSideSymbol": false,
    "symbol": "₨",
  },
  "PLN": {
    "label": "Polish Złoty",
    "name": "PLN",
    "rightSideSymbol": true,
    "symbol": "zł",
  },
  "RSD": {
    "label": "Serbian Dinar",
    "name": "RSD",
    "rightSideSymbol": false,
    "symbol": "din",
  },
  "RUB": {
    "label": "Russian Ruble",
    "name": "RUB",
    "rightSideSymbol": true,
    "symbol": "₽",
  },
  "SAR": {
    "label": "Saudi Riyal",
    "name": "SAR",
    "rightSideSymbol": true,
    "symbol": "SAR",
  },
  "SEK": {
    "label": "Swedish Krona",
    "name": "SEK",
    "rightSideSymbol": true,
    "symbol": "kr",
  },
  "SGD": {
    "label": "Singapore Dollar",
    "name": "SGD",
    "rightSideSymbol": false,
    "symbol": "$",
  },
  "THB": {
    "label": "Thai Baht",
    "name": "THB",
    "rightSideSymbol": false,
    "symbol": "฿",
  },
  "TRY": {
    "label": "Turkish Lira",
    "name": "TRY",
    "rightSideSymbol": false,
    "symbol": "₺",
  },
  "TWD": {
    "label": "New Taiwan Dollar",
    "name": "TWD",
    "rightSideSymbol": false,
    "symbol": "$",
  },
  "UAH": {
    "label": "Ukrainian hryvnia",
    "name": "UAH",
    "rightSideSymbol": false,
    "symbol": "₴",
  },
  "USD": {
    "label": "United States Dollar",
    "name": "USD",
    "rightSideSymbol": false,
    "symbol": "$",
  },
  "ZAR": {
    "label": "South African Rand",
    "name": "ZAR",
    "rightSideSymbol": false,
    "symbol": "R",
  },
}
`;
