exports[`createMultiActivity should map activities, de-dup orders and sort by date 1`] = `
[
  {
    "assetName": "bitcoin",
    "date": 2020-07-22T13:54:28.000Z,
    "failed": false,
    "id": "bitcoin.sent-tx-2",
    "pending": false,
    "personalNote": undefined,
    "received": false,
    "sent": true,
    "tx": {
      "coinAmount": "-1 BTC",
      "coinName": "bitcoin",
      "confirmations": 1,
      "currencies": {
        "bitcoin": {
          "BTC": 8,
          "bits": 2,
          "satoshis": 0,
        },
      },
      "date": "2020-07-22T13:54:28.000Z",
      "dropped": false,
      "feeAmount": "0.000189 BTC",
      "feeCoinName": "bitcoin",
      "txId": "sent-tx-2",
      "version": 1,
    },
    "txId": "sent-tx-2",
    "type": "tx",
  },
  {
    "assetName": "ethereum",
    "date": 2020-07-22T13:54:28.000Z,
    "failed": false,
    "id": "ethereum.received-tx-2",
    "pending": false,
    "personalNote": undefined,
    "received": true,
    "sent": false,
    "tx": {
      "coinAmount": "1 ETH",
      "coinName": "ethereum",
      "confirmations": 1,
      "currencies": {
        "ethereum": {
          "ETH": 18,
          "Gwei": 9,
          "Kwei": 3,
          "Mwei": 6,
          "finney": 15,
          "szabo": 12,
          "wei": 0,
        },
      },
      "date": "2020-07-22T13:54:28.000Z",
      "dropped": false,
      "feeAmount": "0.000189 ETH",
      "feeCoinName": "ethereum",
      "txId": "received-tx-2",
      "version": 1,
    },
    "txId": "received-tx-2",
    "type": "rx",
  },
  {
    "assetName": "ethereum",
    "date": 2019-07-22T13:54:28.000Z,
    "displayAmount": {
      "type": "NumberUnit",
      "unit": "ETH",
      "unitType": "ETH",
      "value": "1",
    },
    "failed": false,
    "id": "swap.ethereum.btc-eth-order",
    "order": {
      "_version": 1,
      "date": "2019-07-22T13:54:28.000Z",
      "fromAsset": "bitcoin",
      "fromWalletAccount": "exodus_0",
      "orderId": "btc-eth-order",
      "potentialToTxIds": [],
      "status": "",
      "svc": "ss",
      "toAmount": {
        "t": "numberunit",
        "v": {
          "u": {
            "ETH": 18,
            "Gwei": 9,
            "Kwei": 3,
            "Mwei": 6,
            "finney": 15,
            "szabo": 12,
            "wei": 0,
          },
          "v": "1 ETH",
        },
      },
      "toAsset": "ethereum",
      "toWalletAccount": "exodus_0",
      "txIds": [
        {
          "txId": "received-tx",
        },
        {
          "txId": "sent-tx",
        },
      ],
    },
    "pending": true,
    "personalNote": undefined,
    "received": true,
    "sent": false,
    "tx": {
      "coinAmount": "1 ETH",
      "coinName": "ethereum",
      "confirmations": 1,
      "currencies": {
        "ethereum": {
          "ETH": 18,
          "Gwei": 9,
          "Kwei": 3,
          "Mwei": 6,
          "finney": 15,
          "szabo": 12,
          "wei": 0,
        },
      },
      "date": "2019-07-22T13:54:28.000Z",
      "dropped": false,
      "feeAmount": "0.000189 ETH",
      "feeCoinName": "ethereum",
      "txId": "received-tx",
      "version": 1,
    },
    "txId": "received-tx",
    "type": "exchange",
  },
]
`;
